python : C:\Users\kavy
a\AppData\Local\Packag
es\PythonSoftwareFound
ation.Python.3.9_qbz5n
2kfra8p0\LocalCache\lo
cal-packages\Python39\
site-packages\google\a
pi_core\_python_versio
n_support.py:252: 
FutureWarning: You 
are using a Python 
version (3.9.13) past 
its end of life. 
Google will update 
google.api_core with 
critical bug fixes on 
a best-effort basis, 
but not with any 
other fixes or 
features. Please 
upgrade to the latest 
Python version, or at 
least Python 3.10, 
and then update 
google.api_core.
At line:1 char:1
+ python 
verify_changes.py > 
test_output.txt 2>&1
+ ~~~~~~~~~~~~~~~~~~~~
~~~~~~~~~~~~~~~~~~~~~~
~~~~~
    + CategoryInfo    
          : NotSpeci  
  fied: (C:\Users\k   
 avya\...oogle.api    
_core.:String) []    
, RemoteException
    + FullyQualifiedE 
   rrorId : NativeCo  
  mmandError
 
  warnings.warn(messag
e, FutureWarning)
C:\Users\kavya\AppData
\Local\Packages\Python
SoftwareFoundation.Pyt
hon.3.9_qbz5n2kfra8p0\
LocalCache\local-packa
ges\Python39\site-pack
ages\httplib2\auth.py:
19: 
DeprecationWarning: 
'setName' deprecated 
- use 'set_name'
  token = pp.Word(tcha
r).setName("token")
C:\Users\kavya\AppData
\Local\Packages\Python
SoftwareFoundation.Pyt
hon.3.9_qbz5n2kfra8p0\
LocalCache\local-packa
ges\Python39\site-pack
ages\httplib2\auth.py:
20: 
DeprecationWarning: 
'leaveWhitespace' 
deprecated - use 
'leave_whitespace'
  token68 = pp.Combine
(pp.Word("-._~+/" + 
pp.nums + pp.alphas) 
+ pp.Optional(pp.Word(
"=").leaveWhitespace()
)).setName(
C:\Users\kavya\AppData
\Local\Packages\Python
SoftwareFoundation.Pyt
hon.3.9_qbz5n2kfra8p0\
LocalCache\local-packa
ges\Python39\site-pack
ages\httplib2\auth.py:
20: 
DeprecationWarning: 
'setName' deprecated 
- use 'set_name'
  token68 = pp.Combine
(pp.Word("-._~+/" + 
pp.nums + pp.alphas) 
+ pp.Optional(pp.Word(
"=").leaveWhitespace()
)).setName(
C:\Users\kavya\AppData
\Local\Packages\Python
SoftwareFoundation.Pyt
hon.3.9_qbz5n2kfra8p0\
LocalCache\local-packa
ges\Python39\site-pack
ages\httplib2\auth.py:
24: 
DeprecationWarning: 
'setName' deprecated 
- use 'set_name'
  quoted_string = pp.d
blQuotedString.copy().
setName("quoted-string
").setParseAction(unqu
ote)
C:\Users\kavya\AppData
\Local\Packages\Python
SoftwareFoundation.Pyt
hon.3.9_qbz5n2kfra8p0\
LocalCache\local-packa
ges\Python39\site-pack
ages\httplib2\auth.py:
24: 
DeprecationWarning: 
'setParseAction' 
deprecated - use 
'set_parse_action'
  quoted_string = pp.d
blQuotedString.copy().
setName("quoted-string
").setParseAction(unqu
ote)
C:\Users\kavya\AppData
\Local\Packages\Python
SoftwareFoundation.Pyt
hon.3.9_qbz5n2kfra8p0\
LocalCache\local-packa
ges\Python39\site-pack
ages\httplib2\auth.py:
25: 
DeprecationWarning: 
'setName' deprecated 
- use 'set_name'
  auth_param_name = to
ken.copy().setName("au
th-param-name").addPar
seAction(downcaseToken
s)
C:\Users\kavya\AppData
\Local\Packages\Python
SoftwareFoundation.Pyt
hon.3.9_qbz5n2kfra8p0\
LocalCache\local-packa
ges\Python39\site-pack
ages\httplib2\auth.py:
25: 
DeprecationWarning: 
'addParseAction' 
deprecated - use 
'add_parse_action'
  auth_param_name = to
ken.copy().setName("au
th-param-name").addPar
seAction(downcaseToken
s)
C:\Users\kavya\AppData
\Local\Packages\Python
SoftwareFoundation.Pyt
hon.3.9_qbz5n2kfra8p0\
LocalCache\local-packa
ges\Python39\site-pack
ages\httplib2\auth.py:
27: 
DeprecationWarning: 
'delimitedList' 
deprecated - use 
'DelimitedList'
  params = pp.Dict(pp.
delimitedList(pp.Group
(auth_param)))
C:\Users\kavya\AppData
\Local\Packages\Python
SoftwareFoundation.Pyt
hon.3.9_qbz5n2kfra8p0\
LocalCache\local-packa
ges\Python39\site-pack
ages\httplib2\auth.py:
33: 
DeprecationWarning: 
'delimitedList' 
deprecated - use 
'DelimitedList'
  www_authenticate = p
p.delimitedList(pp.Gro
up(challenge))
D:\project\shopssmart_
new\shopsmart\app\serv
ices\chatbot.py:1: 
FutureWarning: 

All support for the 
`google.generativeai` 
package has ended. It 
will no longer be 
receiving 
updates or bug fixes. 
Please switch to the 
`google.genai` 
package as soon as 
possible.
See README for more 
details:

https://github.com/goo
gle-gemini/deprecated-
generative-ai-python/b
lob/main/README.md

  import 
google.generativeai 
as genai
DEBUG: Monkeypatched importlib.metadata.packages_distributions for Python < 3.10
--- Testing expanded search ---
SUCCESS: Found MacBook using 'M3' search query.

--- Testing cancellation logic ---
New order (status: Confirmed, age: 0h) is_cancelable: True
Old order (status: Confirmed, age: 3h) is_cancelable: False
Shipped order (status: Shipped, age: 0h) is_cancelable: False
